// Vitest Snapshot v1, https://vitest.dev/guide/snapshot.html

exports[`FSBoard components > matches snapshot after jobs load 1`] = `
<div>
  <div
    class="w-full flex flex-col my-4 shadow-[0_0_5px_5px_rgba(0,0,0,0.05)] rounded-md"
  >
    <div
      class="grid grid-cols-27 w-full text-center font-bold text-mebablue-dark text-[8px] md:text-sm border-b border-mebagold"
    >
      <div
        class="col-span-2 py-1 font-mont"
      >
        <span>
          Status
        </span>
      </div>
      <div
        class="col-span-1 py-1 font-mont"
      >
        <span>
          Region
        </span>
      </div>
      <div
        class="col-span-1 py-1 font-mont"
      >
        <span>
          Hall
        </span>
      </div>
      <div
        class="col-span-2 py-1 font-mont"
      >
        <span>
          Date Called
        </span>
      </div>
      <div
        class="col-span-3 py-1 font-mont"
      >
        <span>
          Ship Name
        </span>
      </div>
      <div
        class="col-span-2 py-1 font-mont"
      >
        <span>
          Join Date
        </span>
      </div>
      <div
        class="col-span-1 py-1 font-mont"
      >
        <span>
          Billet
        </span>
      </div>
      <div
        class="col-span-2 py-1 font-mont"
      >
        <span>
          Type
        </span>
      </div>
      <div
        class="col-span-1 py-1 font-mont"
      >
        <span>
          Days
        </span>
      </div>
      <div
        class="col-span-3 py-1 font-mont"
      >
        <span>
          Location
        </span>
      </div>
      <div
        class="col-span-2 py-1 font-mont"
      >
        <span>
          Company
        </span>
      </div>
      <div
        class="col-span-3 py-1 font-mont"
      >
        <span>
          Crew Relieved
        </span>
      </div>
      <div
        class="col-span-4 py-1 font-mont"
      >
        <span>
          Notes
        </span>
      </div>
    </div>
    <div
      class="grid grid-cols-27 w-full text-[8px] md:text-[0.8125rem] font-mont font-semibold border-slate-300 border-b overflow-visible h-12 md:h-14.5"
    >
      <div
        class="col-span-2 px-1 items-center justify-center flex h-full bg-slate-200"
      >
        <button
          class="inline-flex items-center justify-center px-1 md:px-3 py-1 rounded bg-gradient-to-r from-green-500 to-green-600
                                     text-white hover:from-green-600 hover:to-green-700 disabled:opacity-50 disabled:cursor-not-allowed
                                       transition-all duration-200 ease-out font-medium text-[10px] md:text-sm hover:cursor-pointer"
        >
          Open
        </button>
      </div>
      <div
        class="col-span-1 px-1 items-center justify-center flex h-full bg-slate-200"
      >
        <span />
      </div>
      <div
        class="col-span-1 px-1 items-center justify-center flex h-full bg-slate-200"
      >
        <span>
          OAK
        </span>
      </div>
      <div
        class="col-span-2 px-1 items-center justify-center flex h-full bg-slate-200"
      >
        <span />
      </div>
      <div
        class="col-span-3 px-1 items-center justify-center flex h-full bg-slate-200"
      >
        <span />
      </div>
      <div
        class="col-span-2 px-1 items-center justify-center flex h-full bg-slate-200"
      >
        <span />
      </div>
      <div
        class="col-span-1 px-1 items-center justify-center flex h-full bg-slate-200"
      >
        <span />
      </div>
      <div
        class="col-span-2 px-1 items-center justify-center flex h-full bg-slate-200"
      >
        <span />
      </div>
      <div
        class="col-span-1 px-1 items-center justify-center flex h-full bg-slate-200"
      >
        <span />
      </div>
      <div
        class="col-span-3 px-1 items-center justify-center flex h-full bg-slate-200"
      >
        <span />
      </div>
      <div
        class="col-span-2 px-1 items-center justify-center flex h-full bg-slate-200"
      >
        <span />
      </div>
      <div
        class="col-span-3 px-1 items-center justify-center flex h-full bg-slate-200"
      >
        <span />
      </div>
      <div
        class="relative col-span-4 px-1 items-center justify-center flex h-full bg-slate-200"
      >
        <span
          class="mx-3 p-2 whitespace-nowrap text-ellipsis overflow-hidden transition-all"
          style="display: none; visibility: hidden;"
        />
        <button
          aria-label="Expand Notes"
          class="flex justify-between items-start w-full mx-3 p-2 rounded hover:bg-indigo-200 hover:cursor-pointer transition-all relative"
          style="transition: transform 0.2s, background-color 0.2s, box-shadow 0.2s, border 0.2s;"
          type="button"
        >
          <span
            class="flex-1 overflow-hidden whitespace-nowrap text-ellipsis"
            style="transition: white-space 0.2s;"
          />
          <svg
            aria-hidden="true"
            class="lucide lucide-chevron-down ml-2 transition-transform duration-200 rotate-0"
            fill="none"
            height="16"
            stroke="currentColor"
            stroke-linecap="round"
            stroke-linejoin="round"
            stroke-width="2"
            viewBox="0 0 24 24"
            width="16"
            xmlns="http://www.w3.org/2000/svg"
          >
            <path
              d="m6 9 6 6 6-6"
            />
          </svg>
        </button>
      </div>
    </div>
  </div>
</div>
`;
